
C:\Users\admin>multipass find
Image                       Aliases           Version          Description
core                        core16            20200818         Ubuntu Core 16
core18                                        20211124         Ubuntu Core 18
core20                                        20230119         Ubuntu Core 20
core22                                        20230717         Ubuntu Core 22
20.04                       focal             20240513         Ubuntu 20.04 LTS
22.04                       jammy             20240514         Ubuntu 22.04 LTS
23.10                       mantic            20240514         Ubuntu 23.10
24.04                       noble,lts         20240423         Ubuntu 24.04 LTS
appliance:adguard-home                        20200812         Ubuntu AdGuard Home Appliance
appliance:mosquitto                           20200812         Ubuntu Mosquitto Appliance
appliance:nextcloud                           20200812         Ubuntu Nextcloud Appliance
appliance:openhab                             20200812         Ubuntu openHAB Home Appliance
appliance:plexmediaserver                     20200812         Ubuntu Plex Media Server Appliance

Blueprint                   Aliases           Version          Description
anbox-cloud-appliance                         latest           Anbox Cloud Appliance
charm-dev                                     latest           A development and testing environment for charmers
docker                                        0.4              A Docker environment with Portainer and related tools
jellyfin                                      latest           Jellyfin is a Free Software Media System that puts you in control of managing and streaming your media.
minikube                                      latest           minikube is local Kubernetes
ros-noetic                                    0.1              A development and testing environment for ROS Noetic.
ros2-humble                                   0.1              A development and testing environment for ROS 2 Humble.


C:\Users\admin>multipass launch 24.04 --name UnixApp
launch failed: '24.04' is not a supported alias. Please use `multipass find` for supported image aliases.

C:\Users\admin>multipass launch 20.04 --name UnixApp
Launched: UnixApp

C:\Users\admin>multipass list
Name                    State             IPv4             Image
UnixApp                 Running           172.28.23.52     Ubuntu 20.04 LTS
myWorkSpace             Running           N/A              Ubuntu 20.04 LTS
scented-whimbrel        Running           172.28.24.19     Ubuntu 20.04 LTS

C:\Users\admin>multipass shell UnixApp
Welcome to Ubuntu 20.04.6 LTS (GNU/Linux 5.4.0-182-generic x86_64)

 * Documentation:  https://help.ubuntu.com
 * Management:     https://landscape.canonical.com
 * Support:        https://ubuntu.com/pro

 System information as of Mon May 20 12:14:00 +01 2024

  System load:  0.09              Processes:             106
  Usage of /:   33.9% of 4.67GB   Users logged in:       0
  Memory usage: 22%               IPv4 address for eth0: 172.28.23.52
  Swap usage:   0%


Expanded Security Maintenance for Applications is not enabled.

0 updates can be applied immediately.

Enable ESM Apps to receive additional future security updates.
See https://ubuntu.com/esm or run: sudo pro status

New release '22.04.3 LTS' available.
Run 'do-release-upgrade' to upgrade to it.


ubuntu@UnixApp:~$ ls
ProjectApp  snap
ubuntu@UnixApp:~$ cd ProjectApp
ubuntu@UnixApp:~/ProjectApp$ ls
__pycache__  controller.py  dal.py  images  modele.py  service.py  static  templates
ubuntu@UnixApp:~/ProjectApp$ cd .
ubuntu@UnixApp:~/ProjectApp$ cd >>
-bash: syntax error near unexpected token `newline'
ubuntu@UnixApp:~/ProjectApp$ cd ..
ubuntu@UnixApp:~$ python3 -m venv ~/env/ismail
The virtual environment was not created successfully because ensurepip is not
available.  On Debian/Ubuntu systems, you need to install the python3-venv
package using the following command.

    apt install python3.8-venv

You may need to use sudo with that command.  After installing the python3-venv
package, recreate your virtual environment.

Failing command: ['/home/ubuntu/env/ismail/bin/python3', '-Im', 'ensurepip', '--upgrade', '--default-pip']

ubuntu@UnixApp:~$ sudo apt install python3.8-venv
Reading package lists... Done
Building dependency tree
Reading state information... Done
The following additional packages will be installed:
  python-pip-whl
The following NEW packages will be installed:
  python-pip-whl python3.8-venv
0 upgraded, 2 newly installed, 0 to remove and 0 not upgraded.
Need to get 1811 kB of archives.
After this operation, 2339 kB of additional disk space will be used.
Do you want to continue? [Y/n] y
Get:1 http://archive.ubuntu.com/ubuntu focal-updates/universe amd64 python-pip-whl all 20.0.2-5ubuntu1.10 [1805 kB]
Get:2 http://archive.ubuntu.com/ubuntu focal-updates/universe amd64 python3.8-venv amd64 3.8.10-0ubuntu1~20.04.9 [5452 B]
Fetched 1811 kB in 1s (1341 kB/s)
Selecting previously unselected package python-pip-whl.
(Reading database ... 64081 files and directories currently installed.)
Preparing to unpack .../python-pip-whl_20.0.2-5ubuntu1.10_all.deb ...
Unpacking python-pip-whl (20.0.2-5ubuntu1.10) ...
Selecting previously unselected package python3.8-venv.
Preparing to unpack .../python3.8-venv_3.8.10-0ubuntu1~20.04.9_amd64.deb ...
Unpacking python3.8-venv (3.8.10-0ubuntu1~20.04.9) ...
Setting up python-pip-whl (20.0.2-5ubuntu1.10) ...
Setting up python3.8-venv (3.8.10-0ubuntu1~20.04.9) ...
ubuntu@UnixApp:~$ python3 -m venv /env/ismail
Error: [Errno 13] Permission denied: '/env'
ubuntu@UnixApp:~$ python3 -m venv ~/env/ismail
ubuntu@UnixApp:~$ source ~/env/ismail/bin/activate
(ismail) ubuntu@UnixApp:~$ pip install flask
Collecting flask
  Downloading flask-3.0.3-py3-none-any.whl (101 kB)
     |████████████████████████████████| 101 kB 1.9 MB/s
Collecting blinker>=1.6.2
  Downloading blinker-1.8.2-py3-none-any.whl (9.5 kB)
Collecting itsdangerous>=2.1.2
  Downloading itsdangerous-2.2.0-py3-none-any.whl (16 kB)
Collecting Werkzeug>=3.0.0
  Downloading werkzeug-3.0.3-py3-none-any.whl (227 kB)
     |████████████████████████████████| 227 kB 10.2 MB/s
Collecting click>=8.1.3
  Downloading click-8.1.7-py3-none-any.whl (97 kB)
     |████████████████████████████████| 97 kB 5.4 MB/s
Collecting importlib-metadata>=3.6.0; python_version < "3.10"
  Downloading importlib_metadata-7.1.0-py3-none-any.whl (24 kB)
Collecting Jinja2>=3.1.2
  Downloading jinja2-3.1.4-py3-none-any.whl (133 kB)
     |████████████████████████████████| 133 kB 23.8 MB/s
Collecting MarkupSafe>=2.1.1
  Downloading MarkupSafe-2.1.5-cp38-cp38-manylinux_2_17_x86_64.manylinux2014_x86_64.whl (26 kB)Collecting zipp>=0.5
  Downloading zipp-3.18.2-py3-none-any.whl (8.3 kB)
Installing collected packages: blinker, itsdangerous, MarkupSafe, Werkzeug, click, zipp, importlib-metadata, Jinja2, flask
Successfully installed Jinja2-3.1.4 MarkupSafe-2.1.5 Werkzeug-3.0.3 blinker-1.8.2 click-8.1.7 flask-3.0.3 importlib-metadata-7.1.0 itsdangerous-2.2.0 zipp-3.18.2
(ismail) ubuntu@UnixApp:~$ ls
ProjectApp  env  snap
(ismail) ubuntu@UnixApp:~$ cd ProjectApp/
(ismail) ubuntu@UnixApp:~/ProjectApp$ ls
__pycache__  controller.py  dal.py  images  modele.py  service.py  static  templates
(ismail) ubuntu@UnixApp:~/ProjectApp$ python controller.py
Traceback (most recent call last):
  File "controller.py", line 3, in <module>
    from service import signup, login
  File "/home/ubuntu/ProjectApp/service.py", line 2, in <module>
    from dal import get_user_by_email, create_user
  File "/home/ubuntu/ProjectApp/dal.py", line 2, in <module>
    from pymongo import MongoClient
ModuleNotFoundError: No module named 'pymongo'
(ismail) ubuntu@UnixApp:~/ProjectApp$ pip install pymongo
Collecting pymongo
  Downloading pymongo-4.7.2-cp38-cp38-manylinux_2_17_x86_64.manylinux2014_x86_64.whl (686 kB)
     |████████████████████████████████| 686 kB 1.8 MB/s
Collecting dnspython<3.0.0,>=1.16.0
  Downloading dnspython-2.6.1-py3-none-any.whl (307 kB)
     |████████████████████████████████| 307 kB 25.3 MB/s
Installing collected packages: dnspython, pymongo
Successfully installed dnspython-2.6.1 pymongo-4.7.2
(ismail) ubuntu@UnixApp:~/ProjectApp$ python controller.py
Traceback (most recent call last):
  File "controller.py", line 3, in <module>
    from service import signup, login
  File "/home/ubuntu/ProjectApp/service.py", line 3, in <module>
    from flask_bcrypt import Bcrypt
ModuleNotFoundError: No module named 'flask_bcrypt'
(ismail) ubuntu@UnixApp:~/ProjectApp$ pip install flask_bcrypt
Collecting flask_bcrypt
  Downloading Flask_Bcrypt-1.0.1-py3-none-any.whl (6.0 kB)
Requirement already satisfied: Flask in /home/ubuntu/env/ismail/lib/python3.8/site-packages (from flask_bcrypt) (3.0.3)
Collecting bcrypt>=3.1.1
  Downloading bcrypt-4.1.3-cp37-abi3-manylinux_2_17_x86_64.manylinux2014_x86_64.whl (283 kB)
     |████████████████████████████████| 283 kB 2.7 MB/s
Requirement already satisfied: click>=8.1.3 in /home/ubuntu/env/ismail/lib/python3.8/site-packages (from Flask->flask_bcrypt) (8.1.7)
Requirement already satisfied: Werkzeug>=3.0.0 in /home/ubuntu/env/ismail/lib/python3.8/site-packages (from Flask->flask_bcrypt) (3.0.3)
Requirement already satisfied: importlib-metadata>=3.6.0; python_version < "3.10" in /home/ubuntu/env/ismail/lib/python3.8/site-packages (from Flask->flask_bcrypt) (7.1.0)
Requirement already satisfied: Jinja2>=3.1.2 in /home/ubuntu/env/ismail/lib/python3.8/site-packages (from Flask->flask_bcrypt) (3.1.4)
Requirement already satisfied: blinker>=1.6.2 in /home/ubuntu/env/ismail/lib/python3.8/site-packages (from Flask->flask_bcrypt) (1.8.2)
Requirement already satisfied: itsdangerous>=2.1.2 in /home/ubuntu/env/ismail/lib/python3.8/site-packages (from Flask->flask_bcrypt) (2.2.0)
Requirement already satisfied: MarkupSafe>=2.1.1 in /home/ubuntu/env/ismail/lib/python3.8/site-packages (from Werkzeug>=3.0.0->Flask->flask_bcrypt) (2.1.5)
Requirement already satisfied: zipp>=0.5 in /home/ubuntu/env/ismail/lib/python3.8/site-packages (from importlib-metadata>=3.6.0; python_version < "3.10"->Flask->flask_bcrypt) (3.18.2)
Installing collected packages: bcrypt, flask-bcrypt
Successfully installed bcrypt-4.1.3 flask-bcrypt-1.0.1
(ismail) ubuntu@UnixApp:~/ProjectApp$ python controller.py
 * Serving Flask app 'controller'
 * Debug mode: on
WARNING: This is a development server. Do not use it in a production deployment. Use a production WSGI server instead.
 * Running on http://127.0.0.1:5000
Press CTRL+C to quit
 * Restarting with stat
 * Debugger is active!
 * Debugger PIN: 851-856-326
^C(ismail) ubuntu@UnixApp:~/ProjectApp$ pip install gunicorn
Collecting gunicorn
  Downloading gunicorn-22.0.0-py3-none-any.whl (84 kB)
     |████████████████████████████████| 84 kB 1.3 MB/s
Collecting packaging
  Downloading packaging-24.0-py3-none-any.whl (53 kB)
     |████████████████████████████████| 53 kB 1.7 MB/s
Installing collected packages: packaging, gunicorn
Successfully installed gunicorn-22.0.0 packaging-24.0
(ismail) ubuntu@UnixApp:~/ProjectApp$ ls
__pycache__  controller.py  dal.py  images  modele.py  service.py  static  templates
(ismail) ubuntu@UnixApp:~/ProjectApp$ vim wsgi.py
(ismail) ubuntu@UnixApp:~/ProjectApp$ vim wsgi.py
(ismail) ubuntu@UnixApp:~/ProjectApp$ vim controller.py
(ismail) ubuntu@UnixApp:~/ProjectApp$ vim controller.py
(ismail) ubuntu@UnixApp:~/ProjectApp$ vim wsgi.py
(ismail) ubuntu@UnixApp:~/ProjectApp$ gunicorn --bind 0.0.0.0:5000 wsgi:app
[2024-05-20 12:25:43 +0100] [3195] [INFO] Starting gunicorn 22.0.0
[2024-05-20 12:25:43 +0100] [3195] [INFO] Listening at: http://0.0.0.0:5000 (3195)
[2024-05-20 12:25:43 +0100] [3195] [INFO] Using worker: sync
[2024-05-20 12:25:43 +0100] [3197] [INFO] Booting worker with pid: 3197
^C[2024-05-20 12:26:02 +0100] [3195] [INFO] Handling signal: int
[2024-05-20 12:26:03 +0100] [3195] [INFO] Shutting down: Master
(ismail) ubuntu@UnixApp:~/ProjectApp$ deactivate
ubuntu@UnixApp:~/ProjectApp$ sudo vim /etc/systemd/system/controller.service
ubuntu@UnixApp:~/ProjectApp$ sudo system systemctl start controller
sudo: system: command not found
ubuntu@UnixApp:~/ProjectApp$ sudo systemctl start controller
ubuntu@UnixApp:~/ProjectApp$ sudo systemctl enable controller
Created symlink /etc/systemd/system/multi-user.target.wants/controller.service → /etc/systemd/system/controller.service.
ubuntu@UnixApp:~/ProjectApp$ sudo systemctl status controller
● controller.service - Flask Application
     Loaded: loaded (/etc/systemd/system/controller.service; enabled; vendor preset: enabled)
     Active: failed (Result: exit-code) since Mon 2024-05-20 12:35:49 +01; 33s ago
   Main PID: 3237 (code=exited, status=1/FAILURE)

May 20 12:35:44 UnixApp systemd[1]: Started Flask Application.
May 20 12:35:44 UnixApp gunicorn[3237]: [2024-05-20 12:35:44 +0100] [3237] [INFO] Starting gun>May 20 12:35:44 UnixApp gunicorn[3237]: [2024-05-20 12:35:44 +0100] [3237] [ERROR] Retrying in>May 20 12:35:45 UnixApp gunicorn[3237]: [2024-05-20 12:35:45 +0100] [3237] [ERROR] Retrying in>May 20 12:35:46 UnixApp gunicorn[3237]: [2024-05-20 12:35:46 +0100] [3237] [ERROR] Retrying in>May 20 12:35:47 UnixApp gunicorn[3237]: [2024-05-20 12:35:47 +0100] [3237] [ERROR] Retrying in>May 20 12:35:48 UnixApp gunicorn[3237]: [2024-05-20 12:35:48 +0100] [3237] [ERROR] Retrying in>May 20 12:35:49 UnixApp gunicorn[3237]: [2024-05-20 12:35:49 +0100] [3237] [ERROR] Can't conne>May 20 12:35:49 UnixApp systemd[1]: controller.service: Main process exited, code=exited, stat>May 20 12:35:49 UnixApp systemd[1]: controller.service: Failed with result 'exit-code'.
lines 1-15/15 (END)
● controller.service - Flask Application
     Loaded: loaded (/etc/systemd/system/controller.service; enabled; vendor preset: enabled)
     Active: failed (Result: exit-code) since Mon 2024-05-20 12:35:49 +01; 33s ago
   Main PID: 3237 (code=exited, status=1/FAILURE)

May 20 12:35:44 UnixApp systemd[1]: Started Flask Application.
May 20 12:35:44 UnixApp gunicorn[3237]: [2024-05-20 12:35:44 +0100] [3237] [INFO] Starting guni>May 20 12:35:44 UnixApp gunicorn[3237]: [2024-05-20 12:35:44 +0100] [3237] [ERROR] Retrying in >May 20 12:35:45 UnixApp gunicorn[3237]: [2024-05-20 12:35:45 +0100] [3237] [ERROR] Retrying in >May 20 12:35:46 UnixApp gunicorn[3237]: [2024-05-20 12:35:46 +0100] [3237] [ERROR] Retrying in >May 20 12:35:47 UnixApp gunicorn[3237]: [2024-05-20 12:35:47 +0100] [3237] [ERROR] Retrying in >May 20 12:35:48 UnixApp gunicorn[3237]: [2024-05-20 12:35:48 +0100] [3237] [ERROR] Retrying in >May 20 12:35:49 UnixApp gunicorn[3237]: [2024-05-20 12:35:49 +0100] [3237] [ERROR] Can't connec>May 20 12:35:49 UnixApp systemd[1]: controller.service: Main process exited, code=exited, statu>May 20 12:35:49 UnixApp systemd[1]: controller.service: Failed with result 'exit-code'.
~
~
~
~
~
~
~
~
~
~
~
~
~
~
lines 1-15/15 (END)
● controller.service - Flask Application
     Loaded: loaded (/etc/systemd/system/controller.service; enabled; vendor preset: enabled)
     Active: failed (Result: exit-code) since Mon 2024-05-20 12:35:49 +01; 33s ago
   Main PID: 3237 (code=exited, status=1/FAILURE)

May 20 12:35:44 UnixApp systemd[1]: Started Flask Application.
May 20 12:35:44 UnixApp gunicorn[3237]: [2024-05-20 12:35:44 +0100] [3237] [INFO] Starting gunicorn>May 20 12:35:44 UnixApp gunicorn[3237]: [2024-05-20 12:35:44 +0100] [3237] [ERROR] Retrying in 1 se>May 20 12:35:45 UnixApp gunicorn[3237]: [2024-05-20 12:35:45 +0100] [3237] [ERROR] Retrying in 1 se>May 20 12:35:46 UnixApp gunicorn[3237]: [2024-05-20 12:35:46 +0100] [3237] [ERROR] Retrying in 1 se>May 20 12:35:47 UnixApp gunicorn[3237]: [2024-05-20 12:35:47 +0100] [3237] [ERROR] Retrying in 1 se>May 20 12:35:48 UnixApp gunicorn[3237]: [2024-05-20 12:35:48 +0100] [3237] [ERROR] Retrying in 1 se>May 20 12:35:49 UnixApp gunicorn[3237]: [2024-05-20 12:35:49 +0100] [3237] [ERROR] Can't connect to>May 20 12:35:49 UnixApp systemd[1]: controller.service: Main process exited, code=exited, status=1/>May 20 12:35:49 UnixApp systemd[1]: controller.service: Failed with result 'exit-code'.
~
~
~
~
~
~
~
~
~
~
~
~
~
~
lines 1-15/15 (END)
● controller.service - Flask Application
     Loaded: loaded (/etc/systemd/system/controller.service; enabled; vendor preset: enabled)
     Active: failed (Result: exit-code) since Mon 2024-05-20 12:35:49 +01; 33s ago
   Main PID: 3237 (code=exited, status=1/FAILURE)

May 20 12:35:44 UnixApp systemd[1]: Started Flask Application.
May 20 12:35:44 UnixApp gunicorn[3237]: [2024-05-20 12:35:44 +0100] [3237] [INFO] Starting gunicorn 22>May 20 12:35:44 UnixApp gunicorn[3237]: [2024-05-20 12:35:44 +0100] [3237] [ERROR] Retrying in 1 secon>May 20 12:35:45 UnixApp gunicorn[3237]: [2024-05-20 12:35:45 +0100] [3237] [ERROR] Retrying in 1 secon>May 20 12:35:46 UnixApp gunicorn[3237]: [2024-05-20 12:35:46 +0100] [3237] [ERROR] Retrying in 1 secon>May 20 12:35:47 UnixApp gunicorn[3237]: [2024-05-20 12:35:47 +0100] [3237] [ERROR] Retrying in 1 secon>May 20 12:35:48 UnixApp gunicorn[3237]: [2024-05-20 12:35:48 +0100] [3237] [ERROR] Retrying in 1 secon>May 20 12:35:49 UnixApp gunicorn[3237]: [2024-05-20 12:35:49 +0100] [3237] [ERROR] Can't connect to co>May 20 12:35:49 UnixApp systemd[1]: controller.service: Main process exited, code=exited, status=1/FAI>May 20 12:35:49 UnixApp systemd[1]: controller.service: Failed with result 'exit-code'.
~
~
~
~
~
~
~
~
~
~
~
~
~
~
lines 1-15/15 (END)
● controller.service - Flask Application
     Loaded: loaded (/etc/systemd/system/controller.service; enabled; vendor preset: enabled)
     Active: failed (Result: exit-code) since Mon 2024-05-20 12:35:49 +01; 33s ago
   Main PID: 3237 (code=exited, status=1/FAILURE)

May 20 12:35:44 UnixApp systemd[1]: Started Flask Application.
May 20 12:35:44 UnixApp gunicorn[3237]: [2024-05-20 12:35:44 +0100] [3237] [INFO] Starting gunicorn 22.>May 20 12:35:44 UnixApp gunicorn[3237]: [2024-05-20 12:35:44 +0100] [3237] [ERROR] Retrying in 1 second.May 20 12:35:45 UnixApp gunicorn[3237]: [2024-05-20 12:35:45 +0100] [3237] [ERROR] Retrying in 1 second.May 20 12:35:46 UnixApp gunicorn[3237]: [2024-05-20 12:35:46 +0100] [3237] [ERROR] Retrying in 1 second.May 20 12:35:47 UnixApp gunicorn[3237]: [2024-05-20 12:35:47 +0100] [3237] [ERROR] Retrying in 1 second.May 20 12:35:48 UnixApp gunicorn[3237]: [2024-05-20 12:35:48 +0100] [3237] [ERROR] Retrying in 1 second.May 20 12:35:49 UnixApp gunicorn[3237]: [2024-05-20 12:35:49 +0100] [3237] [ERROR] Can't connect to con>May 20 12:35:49 UnixApp systemd[1]: controller.service: Main process exited, code=exited, status=1/FAIL>May 20 12:35:49 UnixApp systemd[1]: controller.service: Failed with result 'exit-code'.
~
~
~
~
~
~
~
~
~
~
~
~
~
~
lines 1-15/15 (END)
● controller.service - Flask Application
     Loaded: loaded (/etc/systemd/system/controller.service; enabled; vendor preset: enabled)
     Active: failed (Result: exit-code) since Mon 2024-05-20 12:35:49 +01; 33s ago
   Main PID: 3237 (code=exited, status=1/FAILURE)

May 20 12:35:44 UnixApp systemd[1]: Started Flask Application.
May 20 12:35:44 UnixApp gunicorn[3237]: [2024-05-20 12:35:44 +0100] [3237] [INFO] Starting gunicorn 22.0>May 20 12:35:44 UnixApp gunicorn[3237]: [2024-05-20 12:35:44 +0100] [3237] [ERROR] Retrying in 1 second.
May 20 12:35:45 UnixApp gunicorn[3237]: [2024-05-20 12:35:45 +0100] [3237] [ERROR] Retrying in 1 second.
May 20 12:35:46 UnixApp gunicorn[3237]: [2024-05-20 12:35:46 +0100] [3237] [ERROR] Retrying in 1 second.
May 20 12:35:47 UnixApp gunicorn[3237]: [2024-05-20 12:35:47 +0100] [3237] [ERROR] Retrying in 1 second.
May 20 12:35:48 UnixApp gunicorn[3237]: [2024-05-20 12:35:48 +0100] [3237] [ERROR] Retrying in 1 second.
May 20 12:35:49 UnixApp gunicorn[3237]: [2024-05-20 12:35:49 +0100] [3237] [ERROR] Can't connect to cont>May 20 12:35:49 UnixApp systemd[1]: controller.service: Main process exited, code=exited, status=1/FAILU>May 20 12:35:49 UnixApp systemd[1]: controller.service: Failed with result 'exit-code'.
~
~
~
~
~
~
~
~
~
~
~
~
~
~
lines 1-15/15 (END)
● controller.service - Flask Application
     Loaded: loaded (/etc/systemd/system/controller.service; enabled; vendor preset: enabled)
     Active: failed (Result: exit-code) since Mon 2024-05-20 12:35:49 +01; 33s ago
   Main PID: 3237 (code=exited, status=1/FAILURE)

May 20 12:35:44 UnixApp systemd[1]: Started Flask Application.
May 20 12:35:44 UnixApp gunicorn[3237]: [2024-05-20 12:35:44 +0100] [3237] [INFO] Starting gunicorn 22.0.0May 20 12:35:44 UnixApp gunicorn[3237]: [2024-05-20 12:35:44 +0100] [3237] [ERROR] Retrying in 1 second.
May 20 12:35:45 UnixApp gunicorn[3237]: [2024-05-20 12:35:45 +0100] [3237] [ERROR] Retrying in 1 second.
May 20 12:35:46 UnixApp gunicorn[3237]: [2024-05-20 12:35:46 +0100] [3237] [ERROR] Retrying in 1 second.
May 20 12:35:47 UnixApp gunicorn[3237]: [2024-05-20 12:35:47 +0100] [3237] [ERROR] Retrying in 1 second.
May 20 12:35:48 UnixApp gunicorn[3237]: [2024-05-20 12:35:48 +0100] [3237] [ERROR] Retrying in 1 second.
May 20 12:35:49 UnixApp gunicorn[3237]: [2024-05-20 12:35:49 +0100] [3237] [ERROR] Can't connect to contr>May 20 12:35:49 UnixApp systemd[1]: controller.service: Main process exited, code=exited, status=1/FAILUREMay 20 12:35:49 UnixApp systemd[1]: controller.service: Failed with result 'exit-code'.
~
~
~
~
~
~
~
~
~
~
~
~
~
~
lines 1-15/15 (END)
● controller.service - Flask Application
     Loaded: loaded (/etc/systemd/system/controller.service; enabled; vendor preset: enabled)
     Active: failed (Result: exit-code) since Mon 2024-05-20 12:35:49 +01; 33s ago
   Main PID: 3237 (code=exited, status=1/FAILURE)

May 20 12:35:44 UnixApp systemd[1]: Started Flask Application.
May 20 12:35:44 UnixApp gunicorn[3237]: [2024-05-20 12:35:44 +0100] [3237] [INFO] Starting gunicorn 22.0.0
May 20 12:35:44 UnixApp gunicorn[3237]: [2024-05-20 12:35:44 +0100] [3237] [ERROR] Retrying in 1 second.
May 20 12:35:45 UnixApp gunicorn[3237]: [2024-05-20 12:35:45 +0100] [3237] [ERROR] Retrying in 1 second.
May 20 12:35:46 UnixApp gunicorn[3237]: [2024-05-20 12:35:46 +0100] [3237] [ERROR] Retrying in 1 second.
May 20 12:35:47 UnixApp gunicorn[3237]: [2024-05-20 12:35:47 +0100] [3237] [ERROR] Retrying in 1 second.
May 20 12:35:48 UnixApp gunicorn[3237]: [2024-05-20 12:35:48 +0100] [3237] [ERROR] Retrying in 1 second.
May 20 12:35:49 UnixApp gunicorn[3237]: [2024-05-20 12:35:49 +0100] [3237] [ERROR] Can't connect to contro>May 20 12:35:49 UnixApp systemd[1]: controller.service: Main process exited, code=exited, status=1/FAILURE
May 20 12:35:49 UnixApp systemd[1]: controller.service: Failed with result 'exit-code'.
~
~
~
~
~
~
~
~
~
~
~
~
~
~
lines 1-15/15 (END)
● controller.service - Flask Application
     Loaded: loaded (/etc/systemd/system/controller.service; enabled; vendor preset: enabled)
     Active: failed (Result: exit-code) since Mon 2024-05-20 12:35:49 +01; 33s ago
   Main PID: 3237 (code=exited, status=1/FAILURE)

May 20 12:35:44 UnixApp systemd[1]: Started Flask Application.
May 20 12:35:44 UnixApp gunicorn[3237]: [2024-05-20 12:35:44 +0100] [3237] [INFO] Starting gunicorn 22.0.0
May 20 12:35:44 UnixApp gunicorn[3237]: [2024-05-20 12:35:44 +0100] [3237] [ERROR] Retrying in 1 second.
May 20 12:35:45 UnixApp gunicorn[3237]: [2024-05-20 12:35:45 +0100] [3237] [ERROR] Retrying in 1 second.
May 20 12:35:46 UnixApp gunicorn[3237]: [2024-05-20 12:35:46 +0100] [3237] [ERROR] Retrying in 1 second.
May 20 12:35:47 UnixApp gunicorn[3237]: [2024-05-20 12:35:47 +0100] [3237] [ERROR] Retrying in 1 second.
May 20 12:35:48 UnixApp gunicorn[3237]: [2024-05-20 12:35:48 +0100] [3237] [ERROR] Retrying in 1 second.
May 20 12:35:49 UnixApp gunicorn[3237]: [2024-05-20 12:35:49 +0100] [3237] [ERROR] Can't connect to control>May 20 12:35:49 UnixApp systemd[1]: controller.service: Main process exited, code=exited, status=1/FAILURE
May 20 12:35:49 UnixApp systemd[1]: controller.service: Failed with result 'exit-code'.
~
~
~
~
~
~
~
~
~
~
~
~
~
~
lines 1-15/15 (END)
● controller.service - Flask Application
     Loaded: loaded (/etc/systemd/system/controller.service; enabled; vendor preset: enabled)
     Active: failed (Result: exit-code) since Mon 2024-05-20 12:35:49 +01; 33s ago
   Main PID: 3237 (code=exited, status=1/FAILURE)

May 20 12:35:44 UnixApp systemd[1]: Started Flask Application.
May 20 12:35:44 UnixApp gunicorn[3237]: [2024-05-20 12:35:44 +0100] [3237] [INFO] Starting gunicorn 22.0.0
May 20 12:35:44 UnixApp gunicorn[3237]: [2024-05-20 12:35:44 +0100] [3237] [ERROR] Retrying in 1 second.
May 20 12:35:45 UnixApp gunicorn[3237]: [2024-05-20 12:35:45 +0100] [3237] [ERROR] Retrying in 1 second.
May 20 12:35:46 UnixApp gunicorn[3237]: [2024-05-20 12:35:46 +0100] [3237] [ERROR] Retrying in 1 second.
May 20 12:35:47 UnixApp gunicorn[3237]: [2024-05-20 12:35:47 +0100] [3237] [ERROR] Retrying in 1 second.
May 20 12:35:48 UnixApp gunicorn[3237]: [2024-05-20 12:35:48 +0100] [3237] [ERROR] Retrying in 1 second.
May 20 12:35:49 UnixApp gunicorn[3237]: [2024-05-20 12:35:49 +0100] [3237] [ERROR] Can't connect to controll>May 20 12:35:49 UnixApp systemd[1]: controller.service: Main process exited, code=exited, status=1/FAILURE
May 20 12:35:49 UnixApp systemd[1]: controller.service: Failed with result 'exit-code'.
~
~
~
~
~
~
~
~
~
~
~
~
~
~
lines 1-15/15 (END)
● controller.service - Flask Application
     Loaded: loaded (/etc/systemd/system/controller.service; enabled; vendor preset: enabled)
     Active: failed (Result: exit-code) since Mon 2024-05-20 12:35:49 +01; 33s ago
   Main PID: 3237 (code=exited, status=1/FAILURE)

May 20 12:35:44 UnixApp systemd[1]: Started Flask Application.
May 20 12:35:44 UnixApp gunicorn[3237]: [2024-05-20 12:35:44 +0100] [3237] [INFO] Starting gunicorn 22.0.0
May 20 12:35:44 UnixApp gunicorn[3237]: [2024-05-20 12:35:44 +0100] [3237] [ERROR] Retrying in 1 second.
May 20 12:35:45 UnixApp gunicorn[3237]: [2024-05-20 12:35:45 +0100] [3237] [ERROR] Retrying in 1 second.
May 20 12:35:46 UnixApp gunicorn[3237]: [2024-05-20 12:35:46 +0100] [3237] [ERROR] Retrying in 1 second.
May 20 12:35:47 UnixApp gunicorn[3237]: [2024-05-20 12:35:47 +0100] [3237] [ERROR] Retrying in 1 second.
May 20 12:35:48 UnixApp gunicorn[3237]: [2024-05-20 12:35:48 +0100] [3237] [ERROR] Retrying in 1 second.
May 20 12:35:49 UnixApp gunicorn[3237]: [2024-05-20 12:35:49 +0100] [3237] [ERROR] Can't connect to controlle>May 20 12:35:49 UnixApp systemd[1]: controller.service: Main process exited, code=exited, status=1/FAILURE
May 20 12:35:49 UnixApp systemd[1]: controller.service: Failed with result 'exit-code'.
~
~
~
~
~
~
~
~
~
~
~
~
~
~
lines 1-15/15 (END)
● controller.service - Flask Application
     Loaded: loaded (/etc/systemd/system/controller.service; enabled; vendor preset: enabled)
     Active: failed (Result: exit-code) since Mon 2024-05-20 12:35:49 +01; 33s ago
   Main PID: 3237 (code=exited, status=1/FAILURE)

May 20 12:35:44 UnixApp systemd[1]: Started Flask Application.
May 20 12:35:44 UnixApp gunicorn[3237]: [2024-05-20 12:35:44 +0100] [3237] [INFO] Starting gunicorn 22.0.0
May 20 12:35:44 UnixApp gunicorn[3237]: [2024-05-20 12:35:44 +0100] [3237] [ERROR] Retrying in 1 second.
May 20 12:35:45 UnixApp gunicorn[3237]: [2024-05-20 12:35:45 +0100] [3237] [ERROR] Retrying in 1 second.
May 20 12:35:46 UnixApp gunicorn[3237]: [2024-05-20 12:35:46 +0100] [3237] [ERROR] Retrying in 1 second.
May 20 12:35:47 UnixApp gunicorn[3237]: [2024-05-20 12:35:47 +0100] [3237] [ERROR] Retrying in 1 second.
May 20 12:35:48 UnixApp gunicorn[3237]: [2024-05-20 12:35:48 +0100] [3237] [ERROR] Retrying in 1 second.
May 20 12:35:49 UnixApp gunicorn[3237]: [2024-05-20 12:35:49 +0100] [3237] [ERROR] Can't connect to controller.sock
May 20 12:35:49 UnixApp systemd[1]: controller.service: Main process exited, code=exited, status=1/FAILURE
May 20 12:35:49 UnixApp systemd[1]: controller.service: Failed with result 'exit-code'.
~
~
~
~
~
~
~
~
~
~
~
~
~
~
lines 1-15/15 (END)
● controller.service - Flask Application
     Loaded: loaded (/etc/systemd/system/controller.service; enabled; vendor preset: enabled)
     Active: failed (Result: exit-code) since Mon 2024-05-20 12:35:49 +01; 33s ago
   Main PID: 3237 (code=exited, status=1/FAILURE)

May 20 12:35:44 UnixApp systemd[1]: Started Flask Application.
May 20 12:35:44 UnixApp gunicorn[3237]: [2024-05-20 12:35:44 +0100] [3237] [INFO] Starting gunicorn 22.0.0
May 20 12:35:44 UnixApp gunicorn[3237]: [2024-05-20 12:35:44 +0100] [3237] [ERROR] Retrying in 1 second.
May 20 12:35:45 UnixApp gunicorn[3237]: [2024-05-20 12:35:45 +0100] [3237] [ERROR] Retrying in 1 second.
May 20 12:35:46 UnixApp gunicorn[3237]: [2024-05-20 12:35:46 +0100] [3237] [ERROR] Retrying in 1 second.
May 20 12:35:47 UnixApp gunicorn[3237]: [2024-05-20 12:35:47 +0100] [3237] [ERROR] Retrying in 1 second.
May 20 12:35:48 UnixApp gunicorn[3237]: [2024-05-20 12:35:48 +0100] [3237] [ERROR] Retrying in 1 second.
May 20 12:35:49 UnixApp gunicorn[3237]: [2024-05-20 12:35:49 +0100] [3237] [ERROR] Can't connect to controller.sock
May 20 12:35:49 UnixApp systemd[1]: controller.service: Main process exited, code=exited, status=1/FAILURE
May 20 12:35:49 UnixApp systemd[1]: controller.service: Failed with result 'exit-code'.
~
~
~
~
~
~
~
~
~
~
~
~
~
~
lines 1-15/15 (END)
● controller.service - Flask Application
     Loaded: loaded (/etc/systemd/system/controller.service; enabled; vendor preset: enabled)
     Active: failed (Result: exit-code) since Mon 2024-05-20 12:35:49 +01; 33s ago
   Main PID: 3237 (code=exited, status=1/FAILURE)

May 20 12:35:44 UnixApp systemd[1]: Started Flask Application.
May 20 12:35:44 UnixApp gunicorn[3237]: [2024-05-20 12:35:44 +0100] [3237] [INFO] Starting gunicorn 22.0.0
May 20 12:35:44 UnixApp gunicorn[3237]: [2024-05-20 12:35:44 +0100] [3237] [ERROR] Retrying in 1 second.
May 20 12:35:45 UnixApp gunicorn[3237]: [2024-05-20 12:35:45 +0100] [3237] [ERROR] Retrying in 1 second.
May 20 12:35:46 UnixApp gunicorn[3237]: [2024-05-20 12:35:46 +0100] [3237] [ERROR] Retrying in 1 second.
May 20 12:35:47 UnixApp gunicorn[3237]: [2024-05-20 12:35:47 +0100] [3237] [ERROR] Retrying in 1 second.
May 20 12:35:48 UnixApp gunicorn[3237]: [2024-05-20 12:35:48 +0100] [3237] [ERROR] Retrying in 1 second.
May 20 12:35:49 UnixApp gunicorn[3237]: [2024-05-20 12:35:49 +0100] [3237] [ERROR] Can't connect to controller.sock
May 20 12:35:49 UnixApp systemd[1]: controller.service: Main process exited, code=exited, status=1/FAILURE
May 20 12:35:49 UnixApp systemd[1]: controller.service: Failed with result 'exit-code'.
~
~
~
~
~
~
~
~
~
~
~
~
~
~
lines 1-15/15 (END)
● controller.service - Flask Application
     Loaded: loaded (/etc/systemd/system/controller.service; enabled; vendor preset: enabled)
     Active: failed (Result: exit-code) since Mon 2024-05-20 12:35:49 +01; 33s ago
   Main PID: 3237 (code=exited, status=1/FAILURE)

May 20 12:35:44 UnixApp systemd[1]: Started Flask Application.
May 20 12:35:44 UnixApp gunicorn[3237]: [2024-05-20 12:35:44 +0100] [3237] [INFO] Starting gunicorn 22.0.0
May 20 12:35:44 UnixApp gunicorn[3237]: [2024-05-20 12:35:44 +0100] [3237] [ERROR] Retrying in 1 second.
May 20 12:35:45 UnixApp gunicorn[3237]: [2024-05-20 12:35:45 +0100] [3237] [ERROR] Retrying in 1 second.
May 20 12:35:46 UnixApp gunicorn[3237]: [2024-05-20 12:35:46 +0100] [3237] [ERROR] Retrying in 1 second.
May 20 12:35:47 UnixApp gunicorn[3237]: [2024-05-20 12:35:47 +0100] [3237] [ERROR] Retrying in 1 second.
May 20 12:35:48 UnixApp gunicorn[3237]: [2024-05-20 12:35:48 +0100] [3237] [ERROR] Retrying in 1 second.
May 20 12:35:49 UnixApp gunicorn[3237]: [2024-05-20 12:35:49 +0100] [3237] [ERROR] Can't connect to controller.sock
May 20 12:35:49 UnixApp systemd[1]: controller.service: Main process exited, code=exited, status=1/FAILURE
May 20 12:35:49 UnixApp systemd[1]: controller.service: Failed with result 'exit-code'.
~
~
~
~
~
~
~
~
~
~
~
~
~
~
lines 1-15/15 (END)
● controller.service - Flask Application
     Loaded: loaded (/etc/systemd/system/controller.service; enabled; vendor preset: enabled)
     Active: failed (Result: exit-code) since Mon 2024-05-20 12:35:49 +01; 33s ago
   Main PID: 3237 (code=exited, status=1/FAILURE)

May 20 12:35:44 UnixApp systemd[1]: Started Flask Application.
May 20 12:35:44 UnixApp gunicorn[3237]: [2024-05-20 12:35:44 +0100] [3237] [INFO] Starting gunicorn 22.0.0
May 20 12:35:44 UnixApp gunicorn[3237]: [2024-05-20 12:35:44 +0100] [3237] [ERROR] Retrying in 1 second.
May 20 12:35:45 UnixApp gunicorn[3237]: [2024-05-20 12:35:45 +0100] [3237] [ERROR] Retrying in 1 second.
May 20 12:35:46 UnixApp gunicorn[3237]: [2024-05-20 12:35:46 +0100] [3237] [ERROR] Retrying in 1 second.
May 20 12:35:47 UnixApp gunicorn[3237]: [2024-05-20 12:35:47 +0100] [3237] [ERROR] Retrying in 1 second.
May 20 12:35:48 UnixApp gunicorn[3237]: [2024-05-20 12:35:48 +0100] [3237] [ERROR] Retrying in 1 second.
May 20 12:35:49 UnixApp gunicorn[3237]: [2024-05-20 12:35:49 +0100] [3237] [ERROR] Can't connect to controller.sock
May 20 12:35:49 UnixApp systemd[1]: controller.service: Main process exited, code=exited, status=1/FAILURE
May 20 12:35:49 UnixApp systemd[1]: controller.service: Failed with result 'exit-code'.
~
~
~
~
~
~
~
~
~
~
~
~
~
~
lines 1-15/15 (END)
● controller.service - Flask Application
     Loaded: loaded (/etc/systemd/system/controller.service; enabled; vendor preset: enabled)
     Active: failed (Result: exit-code) since Mon 2024-05-20 12:35:49 +01; 33s ago
   Main PID: 3237 (code=exited, status=1/FAILURE)

May 20 12:35:44 UnixApp systemd[1]: Started Flask Application.
May 20 12:35:44 UnixApp gunicorn[3237]: [2024-05-20 12:35:44 +0100] [3237] [INFO] Starting gunicorn 22.0.0
May 20 12:35:44 UnixApp gunicorn[3237]: [2024-05-20 12:35:44 +0100] [3237] [ERROR] Retrying in 1 second.
May 20 12:35:45 UnixApp gunicorn[3237]: [2024-05-20 12:35:45 +0100] [3237] [ERROR] Retrying in 1 second.
May 20 12:35:46 UnixApp gunicorn[3237]: [2024-05-20 12:35:46 +0100] [3237] [ERROR] Retrying in 1 second.
May 20 12:35:47 UnixApp gunicorn[3237]: [2024-05-20 12:35:47 +0100] [3237] [ERROR] Retrying in 1 second.
May 20 12:35:48 UnixApp gunicorn[3237]: [2024-05-20 12:35:48 +0100] [3237] [ERROR] Retrying in 1 second.
May 20 12:35:49 UnixApp gunicorn[3237]: [2024-05-20 12:35:49 +0100] [3237] [ERROR] Can't connect to controller.sock
May 20 12:35:49 UnixApp systemd[1]: controller.service: Main process exited, code=exited, status=1/FAILURE
May 20 12:35:49 UnixApp systemd[1]: controller.service: Failed with result 'exit-code'.
~
~
~
~
~
~
~
~
~
~
~
~
~
~
lines 1-15/15 (END)
● controller.service - Flask Application
     Loaded: loaded (/etc/systemd/system/controller.service; enabled; vendor preset: enabled)
     Active: failed (Result: exit-code) since Mon 2024-05-20 12:35:49 +01; 33s ago
   Main PID: 3237 (code=exited, status=1/FAILURE)

May 20 12:35:44 UnixApp systemd[1]: Started Flask Application.
May 20 12:35:44 UnixApp gunicorn[3237]: [2024-05-20 12:35:44 +0100] [3237] [INFO] Starting gunicorn 22.0.0
May 20 12:35:44 UnixApp gunicorn[3237]: [2024-05-20 12:35:44 +0100] [3237] [ERROR] Retrying in 1 second.
May 20 12:35:45 UnixApp gunicorn[3237]: [2024-05-20 12:35:45 +0100] [3237] [ERROR] Retrying in 1 second.
May 20 12:35:46 UnixApp gunicorn[3237]: [2024-05-20 12:35:46 +0100] [3237] [ERROR] Retrying in 1 second.
May 20 12:35:47 UnixApp gunicorn[3237]: [2024-05-20 12:35:47 +0100] [3237] [ERROR] Retrying in 1 second.
May 20 12:35:48 UnixApp gunicorn[3237]: [2024-05-20 12:35:48 +0100] [3237] [ERROR] Retrying in 1 second.
May 20 12:35:49 UnixApp gunicorn[3237]: [2024-05-20 12:35:49 +0100] [3237] [ERROR] Can't connect to controller.sock
May 20 12:35:49 UnixApp systemd[1]: controller.service: Main process exited, code=exited, status=1/FAILURE
May 20 12:35:49 UnixApp systemd[1]: controller.service: Failed with result 'exit-code'.
~
~
~
~
~
~
~
~
~
~
~
~
~
~
lines 1-15/15 (END)
● controller.service - Flask Application
     Loaded: loaded (/etc/systemd/system/controller.service; enabled; vendor preset: enabled)
     Active: failed (Result: exit-code) since Mon 2024-05-20 12:35:49 +01; 33s ago
   Main PID: 3237 (code=exited, status=1/FAILURE)

May 20 12:35:44 UnixApp systemd[1]: Started Flask Application.
May 20 12:35:44 UnixApp gunicorn[3237]: [2024-05-20 12:35:44 +0100] [3237] [INFO] Starting gunicorn 22.0.0
May 20 12:35:44 UnixApp gunicorn[3237]: [2024-05-20 12:35:44 +0100] [3237] [ERROR] Retrying in 1 second.
May 20 12:35:45 UnixApp gunicorn[3237]: [2024-05-20 12:35:45 +0100] [3237] [ERROR] Retrying in 1 second.
May 20 12:35:46 UnixApp gunicorn[3237]: [2024-05-20 12:35:46 +0100] [3237] [ERROR] Retrying in 1 second.
May 20 12:35:47 UnixApp gunicorn[3237]: [2024-05-20 12:35:47 +0100] [3237] [ERROR] Retrying in 1 second.
May 20 12:35:48 UnixApp gunicorn[3237]: [2024-05-20 12:35:48 +0100] [3237] [ERROR] Retrying in 1 second.
May 20 12:35:49 UnixApp gunicorn[3237]: [2024-05-20 12:35:49 +0100] [3237] [ERROR] Can't connect to controller.sock
May 20 12:35:49 UnixApp systemd[1]: controller.service: Main process exited, code=exited, status=1/FAILURE
May 20 12:35:49 UnixApp systemd[1]: controller.service: Failed with result 'exit-code'.
~
~
~
~
~
~
~
~
~
~
~
~
~
~
lines 1-15/15 (END)
● controller.service - Flask Application
     Loaded: loaded (/etc/systemd/system/controller.service; enabled; vendor preset: enabled)
     Active: failed (Result: exit-code) since Mon 2024-05-20 12:35:49 +01; 33s ago
   Main PID: 3237 (code=exited, status=1/FAILURE)

May 20 12:35:44 UnixApp systemd[1]: Started Flask Application.
May 20 12:35:44 UnixApp gunicorn[3237]: [2024-05-20 12:35:44 +0100] [3237] [INFO] Starting gunicorn 22.0.0
May 20 12:35:44 UnixApp gunicorn[3237]: [2024-05-20 12:35:44 +0100] [3237] [ERROR] Retrying in 1 second.
May 20 12:35:45 UnixApp gunicorn[3237]: [2024-05-20 12:35:45 +0100] [3237] [ERROR] Retrying in 1 second.
May 20 12:35:46 UnixApp gunicorn[3237]: [2024-05-20 12:35:46 +0100] [3237] [ERROR] Retrying in 1 second.
May 20 12:35:47 UnixApp gunicorn[3237]: [2024-05-20 12:35:47 +0100] [3237] [ERROR] Retrying in 1 second.
May 20 12:35:48 UnixApp gunicorn[3237]: [2024-05-20 12:35:48 +0100] [3237] [ERROR] Retrying in 1 second.
May 20 12:35:49 UnixApp gunicorn[3237]: [2024-05-20 12:35:49 +0100] [3237] [ERROR] Can't connect to controller.sock
May 20 12:35:49 UnixApp systemd[1]: controller.service: Main process exited, code=exited, status=1/FAILURE
May 20 12:35:49 UnixApp systemd[1]: controller.service: Failed with result 'exit-code'.
~
~
~
~
~
~
~
~
~
~
~
~
~
~
lines 1-15/15 (END)
● controller.service - Flask Application
     Loaded: loaded (/etc/systemd/system/controller.service; enabled; vendor preset: enabled)
     Active: failed (Result: exit-code) since Mon 2024-05-20 12:35:49 +01; 33s ago
   Main PID: 3237 (code=exited, status=1/FAILURE)

May 20 12:35:44 UnixApp systemd[1]: Started Flask Application.
May 20 12:35:44 UnixApp gunicorn[3237]: [2024-05-20 12:35:44 +0100] [3237] [INFO] Starting gunicorn 22.0.0
May 20 12:35:44 UnixApp gunicorn[3237]: [2024-05-20 12:35:44 +0100] [3237] [ERROR] Retrying in 1 second.
May 20 12:35:45 UnixApp gunicorn[3237]: [2024-05-20 12:35:45 +0100] [3237] [ERROR] Retrying in 1 second.
May 20 12:35:46 UnixApp gunicorn[3237]: [2024-05-20 12:35:46 +0100] [3237] [ERROR] Retrying in 1 second.
May 20 12:35:47 UnixApp gunicorn[3237]: [2024-05-20 12:35:47 +0100] [3237] [ERROR] Retrying in 1 second.
May 20 12:35:48 UnixApp gunicorn[3237]: [2024-05-20 12:35:48 +0100] [3237] [ERROR] Retrying in 1 second.
May 20 12:35:49 UnixApp gunicorn[3237]: [2024-05-20 12:35:49 +0100] [3237] [ERROR] Can't connect to controller.sock
May 20 12:35:49 UnixApp systemd[1]: controller.service: Main process exited, code=exited, status=1/FAILURE
May 20 12:35:49 UnixApp systemd[1]: controller.service: Failed with result 'exit-code'.
~
~
~
~
~
~
~
~
~
~
~
~
~
~
lines 1-15/15 (END)
● controller.service - Flask Application
     Loaded: loaded (/etc/systemd/system/controller.service; enabled; vendor preset: enabled)
     Active: failed (Result: exit-code) since Mon 2024-05-20 12:35:49 +01; 33s ago
   Main PID: 3237 (code=exited, status=1/FAILURE)

May 20 12:35:44 UnixApp systemd[1]: Started Flask Application.
May 20 12:35:44 UnixApp gunicorn[3237]: [2024-05-20 12:35:44 +0100] [3237] [INFO] Starting gunicorn 22.0.0
May 20 12:35:44 UnixApp gunicorn[3237]: [2024-05-20 12:35:44 +0100] [3237] [ERROR] Retrying in 1 second.
May 20 12:35:45 UnixApp gunicorn[3237]: [2024-05-20 12:35:45 +0100] [3237] [ERROR] Retrying in 1 second.
May 20 12:35:46 UnixApp gunicorn[3237]: [2024-05-20 12:35:46 +0100] [3237] [ERROR] Retrying in 1 second.
May 20 12:35:47 UnixApp gunicorn[3237]: [2024-05-20 12:35:47 +0100] [3237] [ERROR] Retrying in 1 second.
May 20 12:35:48 UnixApp gunicorn[3237]: [2024-05-20 12:35:48 +0100] [3237] [ERROR] Retrying in 1 second.
May 20 12:35:49 UnixApp gunicorn[3237]: [2024-05-20 12:35:49 +0100] [3237] [ERROR] Can't connect to controller.sock
May 20 12:35:49 UnixApp systemd[1]: controller.service: Main process exited, code=exited, status=1/FAILURE
May 20 12:35:49 UnixApp systemd[1]: controller.service: Failed with result 'exit-code'.
~
~
~
~
~
~
~
~
~
~
~
~
~
~
lines 1-15/15 (END)
● controller.service - Flask Application
     Loaded: loaded (/etc/systemd/system/controller.service; enabled; vendor preset: enabled)
     Active: failed (Result: exit-code) since Mon 2024-05-20 12:35:49 +01; 33s ago
   Main PID: 3237 (code=exited, status=1/FAILURE)

May 20 12:35:44 UnixApp systemd[1]: Started Flask Application.
May 20 12:35:44 UnixApp gunicorn[3237]: [2024-05-20 12:35:44 +0100] [3237] [INFO] Starting gunicorn 22.0.0
May 20 12:35:44 UnixApp gunicorn[3237]: [2024-05-20 12:35:44 +0100] [3237] [ERROR] Retrying in 1 second.
May 20 12:35:45 UnixApp gunicorn[3237]: [2024-05-20 12:35:45 +0100] [3237] [ERROR] Retrying in 1 second.
May 20 12:35:46 UnixApp gunicorn[3237]: [2024-05-20 12:35:46 +0100] [3237] [ERROR] Retrying in 1 second.
May 20 12:35:47 UnixApp gunicorn[3237]: [2024-05-20 12:35:47 +0100] [3237] [ERROR] Retrying in 1 second.
May 20 12:35:48 UnixApp gunicorn[3237]: [2024-05-20 12:35:48 +0100] [3237] [ERROR] Retrying in 1 second.
May 20 12:35:49 UnixApp gunicorn[3237]: [2024-05-20 12:35:49 +0100] [3237] [ERROR] Can't connect to controller.sock
May 20 12:35:49 UnixApp systemd[1]: controller.service: Main process exited, code=exited, status=1/FAILURE
May 20 12:35:49 UnixApp systemd[1]: controller.service: Failed with result 'exit-code'.
~
~
~
~
~
~
~
~
~
~
~
~
~
~
lines 1-15/15 (END)
● controller.service - Flask Application
     Loaded: loaded (/etc/systemd/system/controller.service; enabled; vendor preset: enabled)
     Active: failed (Result: exit-code) since Mon 2024-05-20 12:35:49 +01; 33s ago
   Main PID: 3237 (code=exited, status=1/FAILURE)

May 20 12:35:44 UnixApp systemd[1]: Started Flask Application.
May 20 12:35:44 UnixApp gunicorn[3237]: [2024-05-20 12:35:44 +0100] [3237] [INFO] Starting gunicorn 22.0.0
May 20 12:35:44 UnixApp gunicorn[3237]: [2024-05-20 12:35:44 +0100] [3237] [ERROR] Retrying in 1 second.
May 20 12:35:45 UnixApp gunicorn[3237]: [2024-05-20 12:35:45 +0100] [3237] [ERROR] Retrying in 1 second.
May 20 12:35:46 UnixApp gunicorn[3237]: [2024-05-20 12:35:46 +0100] [3237] [ERROR] Retrying in 1 second.
May 20 12:35:47 UnixApp gunicorn[3237]: [2024-05-20 12:35:47 +0100] [3237] [ERROR] Retrying in 1 second.
May 20 12:35:48 UnixApp gunicorn[3237]: [2024-05-20 12:35:48 +0100] [3237] [ERROR] Retrying in 1 second.
May 20 12:35:49 UnixApp gunicorn[3237]: [2024-05-20 12:35:49 +0100] [3237] [ERROR] Can't connect to controller.sock
May 20 12:35:49 UnixApp systemd[1]: controller.service: Main process exited, code=exited, status=1/FAILURE
May 20 12:35:49 UnixApp systemd[1]: controller.service: Failed with result 'exit-code'.
~
~
~
~
~
~
~
~
~
~
~
~
~
~
lines 1-15/15 (END)
● controller.service - Flask Application
     Loaded: loaded (/etc/systemd/system/controller.service; enabled; vendor preset: enabled)
     Active: failed (Result: exit-code) since Mon 2024-05-20 12:35:49 +01; 33s ago
   Main PID: 3237 (code=exited, status=1/FAILURE)

May 20 12:35:44 UnixApp systemd[1]: Started Flask Application.
May 20 12:35:44 UnixApp gunicorn[3237]: [2024-05-20 12:35:44 +0100] [3237] [INFO] Starting gunicorn 22.0.0
May 20 12:35:44 UnixApp gunicorn[3237]: [2024-05-20 12:35:44 +0100] [3237] [ERROR] Retrying in 1 second.
May 20 12:35:45 UnixApp gunicorn[3237]: [2024-05-20 12:35:45 +0100] [3237] [ERROR] Retrying in 1 second.
May 20 12:35:46 UnixApp gunicorn[3237]: [2024-05-20 12:35:46 +0100] [3237] [ERROR] Retrying in 1 second.
May 20 12:35:47 UnixApp gunicorn[3237]: [2024-05-20 12:35:47 +0100] [3237] [ERROR] Retrying in 1 second.
May 20 12:35:48 UnixApp gunicorn[3237]: [2024-05-20 12:35:48 +0100] [3237] [ERROR] Retrying in 1 second.
May 20 12:35:49 UnixApp gunicorn[3237]: [2024-05-20 12:35:49 +0100] [3237] [ERROR] Can't connect to controller.sock
May 20 12:35:49 UnixApp systemd[1]: controller.service: Main process exited, code=exited, status=1/FAILURE
May 20 12:35:49 UnixApp systemd[1]: controller.service: Failed with result 'exit-code'.
~
~
~
~
~
~
~
~
~
~
~
~
~
~
ubuntu@UnixApp:~/ProjectApp$ sudo vim /etc/systemd/system/controller.service
ubuntu@UnixApp:~/ProjectApp$ sudo systemctl start controller
Warning: The unit file, source configuration file or drop-ins of controller.service changed on disk. Run 'systemctl daemon-reload' to reload units.
ubuntu@UnixApp:~/ProjectApp$ sudo systemctl daemon-reload
ubuntu@UnixApp:~/ProjectApp$ sudo systemctl start controller
ubuntu@UnixApp:~/ProjectApp$ sudo systemctl enable controller
ubuntu@UnixApp:~/ProjectApp$ sudo systemctl status controller
● controller.service - Flask Application
     Loaded: loaded (/etc/systemd/system/controller.service; enabled; vendor preset: enabled)
     Active: failed (Result: exit-code) since Mon 2024-05-20 12:38:31 +01; 6s ago
   Main PID: 3356 (code=exited, status=1/FAILURE)

May 20 12:38:31 UnixApp systemd[1]: Started Flask Application.
May 20 12:38:31 UnixApp gunicorn[3356]: Error: 'controller.sock' is not a valid port number.
May 20 12:38:31 UnixApp systemd[1]: controller.service: Main process exited, code=exited, status=1/FAILURE
May 20 12:38:31 UnixApp systemd[1]: controller.service: Failed with result 'exit-code'.
ubuntu@UnixApp:~/ProjectApp$ sudo vim /etc/systemd/system/controller.service
ubuntu@UnixApp:~/ProjectApp$ sudo systemctl start controller
Warning: The unit file, source configuration file or drop-ins of controller.service changed on disk. Run 'systemctl daemon-reload' to reload units.
ubuntu@UnixApp:~/ProjectApp$ sudo systemctl daemon-reload
ubuntu@UnixApp:~/ProjectApp$ sudo systemctl start controller
ubuntu@UnixApp:~/ProjectApp$ sudo systemctl enable controller
ubuntu@UnixApp:~/ProjectApp$ sudo systemctl status controller
● controller.service - Flask Application
     Loaded: loaded (/etc/systemd/system/controller.service; enabled; vendor preset: enabled)
     Active: active (running) since Mon 2024-05-20 12:39:44 +01; 5s ago
   Main PID: 3449 (gunicorn)
      Tasks: 10 (limit: 1039)
     Memory: 74.3M
     CGroup: /system.slice/controller.service
             ├─3449 /home/ubuntu/env/ismail/bin/python3 /home/ubuntu/env/ismail/bin/gunicorn --workers 3 --bind 127.0.0.1:5000>
             ├─3461 /home/ubuntu/env/ismail/bin/python3 /home/ubuntu/env/ismail/bin/gunicorn --workers 3 --bind 127.0.0.1:5000>
             ├─3462 /home/ubuntu/env/ismail/bin/python3 /home/ubuntu/env/ismail/bin/gunicorn --workers 3 --bind 127.0.0.1:5000>
             └─3463 /home/ubuntu/env/ismail/bin/python3 /home/ubuntu/env/ismail/bin/gunicorn --workers 3 --bind 127.0.0.1:5000>

May 20 12:39:44 UnixApp systemd[1]: Started Flask Application.
May 20 12:39:44 UnixApp gunicorn[3449]: [2024-05-20 12:39:44 +0100] [3449] [INFO] Starting gunicorn 22.0.0
May 20 12:39:44 UnixApp gunicorn[3449]: [2024-05-20 12:39:44 +0100] [3449] [INFO] Listening at: http://127.0.0.1:5000 (3449)
May 20 12:39:44 UnixApp gunicorn[3449]: [2024-05-20 12:39:44 +0100] [3449] [INFO] Using worker: sync
May 20 12:39:44 UnixApp gunicorn[3461]: [2024-05-20 12:39:44 +0100] [3461] [INFO] Booting worker with pid: 3461
May 20 12:39:44 UnixApp gunicorn[3462]: [2024-05-20 12:39:44 +0100] [3462] [INFO] Booting worker with pid: 3462
May 20 12:39:44 UnixApp gunicorn[3463]: [2024-05-20 12:39:44 +0100] [3463] [INFO] Booting worker with pid: 3463
ubuntu@UnixApp:~/ProjectApp$ sudo apt install nginx
Reading package lists... Done
Building dependency tree
Reading state information... Done
The following additional packages will be installed:
  fontconfig-config fonts-dejavu-core libfontconfig1 libgd3 libjbig0 libjpeg-turbo8 libjpeg8 libnginx-mod-http-image-filter
  libnginx-mod-http-xslt-filter libnginx-mod-mail libnginx-mod-stream libtiff5 libwebp6 libxpm4 nginx-common nginx-core
Suggested packages:
  libgd-tools fcgiwrap nginx-doc ssl-cert
The following NEW packages will be installed:
  fontconfig-config fonts-dejavu-core libfontconfig1 libgd3 libjbig0 libjpeg-turbo8 libjpeg8 libnginx-mod-http-image-filter
  libnginx-mod-http-xslt-filter libnginx-mod-mail libnginx-mod-stream libtiff5 libwebp6 libxpm4 nginx nginx-common nginx-core
0 upgraded, 17 newly installed, 0 to remove and 0 not upgraded.
Need to get 2438 kB of archives.
After this operation, 7925 kB of additional disk space will be used.
Do you want to continue? [Y/n] y
Get:1 http://archive.ubuntu.com/ubuntu focal/main amd64 fonts-dejavu-core all 2.37-1 [1041 kB]
Get:2 http://archive.ubuntu.com/ubuntu focal/main amd64 fontconfig-config all 2.13.1-2ubuntu3 [28.8 kB]
Get:3 http://archive.ubuntu.com/ubuntu focal/main amd64 libfontconfig1 amd64 2.13.1-2ubuntu3 [114 kB]
Get:4 http://archive.ubuntu.com/ubuntu focal-updates/main amd64 libjpeg-turbo8 amd64 2.0.3-0ubuntu1.20.04.3 [118 kB]
Get:5 http://archive.ubuntu.com/ubuntu focal/main amd64 libjpeg8 amd64 8c-2ubuntu8 [2194 B]
Get:6 http://archive.ubuntu.com/ubuntu focal-updates/main amd64 libjbig0 amd64 2.1-3.1ubuntu0.20.04.1 [27.3 kB]
Get:7 http://archive.ubuntu.com/ubuntu focal-updates/main amd64 libwebp6 amd64 0.6.1-2ubuntu0.20.04.3 [185 kB]
Get:8 http://archive.ubuntu.com/ubuntu focal-updates/main amd64 libtiff5 amd64 4.1.0+git191117-2ubuntu0.20.04.12 [164 kB]
Get:9 http://archive.ubuntu.com/ubuntu focal-updates/main amd64 libxpm4 amd64 1:3.5.12-1ubuntu0.20.04.2 [34.9 kB]
Get:10 http://archive.ubuntu.com/ubuntu focal-updates/main amd64 libgd3 amd64 2.2.5-5.2ubuntu2.1 [118 kB]
Get:11 http://archive.ubuntu.com/ubuntu focal-updates/main amd64 nginx-common all 1.18.0-0ubuntu1.4 [37.7 kB]
Get:12 http://archive.ubuntu.com/ubuntu focal-updates/main amd64 libnginx-mod-http-image-filter amd64 1.18.0-0ubuntu1.4 [14.8 kB]
Get:13 http://archive.ubuntu.com/ubuntu focal-updates/main amd64 libnginx-mod-http-xslt-filter amd64 1.18.0-0ubuntu1.4 [13.0 kB]
Get:14 http://archive.ubuntu.com/ubuntu focal-updates/main amd64 libnginx-mod-mail amd64 1.18.0-0ubuntu1.4 [42.9 kB]
Get:15 http://archive.ubuntu.com/ubuntu focal-updates/main amd64 libnginx-mod-stream amd64 1.18.0-0ubuntu1.4 [67.4 kB]
Get:16 http://archive.ubuntu.com/ubuntu focal-updates/main amd64 nginx-core amd64 1.18.0-0ubuntu1.4 [425 kB]
Get:17 http://archive.ubuntu.com/ubuntu focal-updates/main amd64 nginx all 1.18.0-0ubuntu1.4 [3620 B]
Fetched 2438 kB in 2s (1573 kB/s)
Preconfiguring packages ...
Selecting previously unselected package fonts-dejavu-core.
(Reading database ... 64118 files and directories currently installed.)
Preparing to unpack .../00-fonts-dejavu-core_2.37-1_all.deb ...
Unpacking fonts-dejavu-core (2.37-1) ...
Selecting previously unselected package fontconfig-config.
Preparing to unpack .../01-fontconfig-config_2.13.1-2ubuntu3_all.deb ...
Unpacking fontconfig-config (2.13.1-2ubuntu3) ...
Selecting previously unselected package libfontconfig1:amd64.
Preparing to unpack .../02-libfontconfig1_2.13.1-2ubuntu3_amd64.deb ...
Unpacking libfontconfig1:amd64 (2.13.1-2ubuntu3) ...
Selecting previously unselected package libjpeg-turbo8:amd64.
Preparing to unpack .../03-libjpeg-turbo8_2.0.3-0ubuntu1.20.04.3_amd64.deb ...
Unpacking libjpeg-turbo8:amd64 (2.0.3-0ubuntu1.20.04.3) ...
Selecting previously unselected package libjpeg8:amd64.
Preparing to unpack .../04-libjpeg8_8c-2ubuntu8_amd64.deb ...
Unpacking libjpeg8:amd64 (8c-2ubuntu8) ...
Selecting previously unselected package libjbig0:amd64.
Preparing to unpack .../05-libjbig0_2.1-3.1ubuntu0.20.04.1_amd64.deb ...
Unpacking libjbig0:amd64 (2.1-3.1ubuntu0.20.04.1) ...
Selecting previously unselected package libwebp6:amd64.
Preparing to unpack .../06-libwebp6_0.6.1-2ubuntu0.20.04.3_amd64.deb ...
Unpacking libwebp6:amd64 (0.6.1-2ubuntu0.20.04.3) ...
Selecting previously unselected package libtiff5:amd64.
Preparing to unpack .../07-libtiff5_4.1.0+git191117-2ubuntu0.20.04.12_amd64.deb ...
Unpacking libtiff5:amd64 (4.1.0+git191117-2ubuntu0.20.04.12) ...
Selecting previously unselected package libxpm4:amd64.
Preparing to unpack .../08-libxpm4_1%3a3.5.12-1ubuntu0.20.04.2_amd64.deb ...
Unpacking libxpm4:amd64 (1:3.5.12-1ubuntu0.20.04.2) ...
Selecting previously unselected package libgd3:amd64.
Preparing to unpack .../09-libgd3_2.2.5-5.2ubuntu2.1_amd64.deb ...
Unpacking libgd3:amd64 (2.2.5-5.2ubuntu2.1) ...
Selecting previously unselected package nginx-common.
Preparing to unpack .../10-nginx-common_1.18.0-0ubuntu1.4_all.deb ...
Unpacking nginx-common (1.18.0-0ubuntu1.4) ...
Selecting previously unselected package libnginx-mod-http-image-filter.
Preparing to unpack .../11-libnginx-mod-http-image-filter_1.18.0-0ubuntu1.4_amd64.deb ...
Unpacking libnginx-mod-http-image-filter (1.18.0-0ubuntu1.4) ...
Selecting previously unselected package libnginx-mod-http-xslt-filter.
Preparing to unpack .../12-libnginx-mod-http-xslt-filter_1.18.0-0ubuntu1.4_amd64.deb ...
Unpacking libnginx-mod-http-xslt-filter (1.18.0-0ubuntu1.4) ...
Selecting previously unselected package libnginx-mod-mail.
Preparing to unpack .../13-libnginx-mod-mail_1.18.0-0ubuntu1.4_amd64.deb ...
Unpacking libnginx-mod-mail (1.18.0-0ubuntu1.4) ...
Selecting previously unselected package libnginx-mod-stream.
Preparing to unpack .../14-libnginx-mod-stream_1.18.0-0ubuntu1.4_amd64.deb ...
Unpacking libnginx-mod-stream (1.18.0-0ubuntu1.4) ...
Selecting previously unselected package nginx-core.
Preparing to unpack .../15-nginx-core_1.18.0-0ubuntu1.4_amd64.deb ...
Unpacking nginx-core (1.18.0-0ubuntu1.4) ...
Selecting previously unselected package nginx.
Preparing to unpack .../16-nginx_1.18.0-0ubuntu1.4_all.deb ...
Unpacking nginx (1.18.0-0ubuntu1.4) ...
Setting up libxpm4:amd64 (1:3.5.12-1ubuntu0.20.04.2) ...
Setting up nginx-common (1.18.0-0ubuntu1.4) ...
Created symlink /etc/systemd/system/multi-user.target.wants/nginx.service → /lib/systemd/system/nginx.service.
Setting up libjbig0:amd64 (2.1-3.1ubuntu0.20.04.1) ...
Setting up libnginx-mod-http-xslt-filter (1.18.0-0ubuntu1.4) ...
Setting up libwebp6:amd64 (0.6.1-2ubuntu0.20.04.3) ...
Setting up fonts-dejavu-core (2.37-1) ...
Setting up libjpeg-turbo8:amd64 (2.0.3-0ubuntu1.20.04.3) ...
Setting up libjpeg8:amd64 (8c-2ubuntu8) ...
Setting up libnginx-mod-mail (1.18.0-0ubuntu1.4) ...
Setting up fontconfig-config (2.13.1-2ubuntu3) ...
Setting up libnginx-mod-stream (1.18.0-0ubuntu1.4) ...
Setting up libtiff5:amd64 (4.1.0+git191117-2ubuntu0.20.04.12) ...
Setting up libfontconfig1:amd64 (2.13.1-2ubuntu3) ...
Setting up libgd3:amd64 (2.2.5-5.2ubuntu2.1) ...
Setting up libnginx-mod-http-image-filter (1.18.0-0ubuntu1.4) ...
Setting up nginx-core (1.18.0-0ubuntu1.4) ...
Setting up nginx (1.18.0-0ubuntu1.4) ...
Processing triggers for ufw (0.36-6ubuntu1.1) ...
Processing triggers for systemd (245.4-4ubuntu3.23) ...
Processing triggers for man-db (2.9.1-1) ...
Processing triggers for libc-bin (2.31-0ubuntu9.15) ...
ubuntu@UnixApp:~/ProjectApp$ sudo vim /etc/nginx/sites-available/controller.conf
ubuntu@UnixApp:~/ProjectApp$ sudo ln -s /etc/nginx/sites-available/controller.conf /etc/nginx/sites-enabled/
ubuntu@UnixApp:~/ProjectApp$ sudo nginx -t
nginx: the configuration file /etc/nginx/nginx.conf syntax is ok
nginx: configuration file /etc/nginx/nginx.conf test is successful
ubuntu@UnixApp:~/ProjectApp$ sudo systemctl restart nginx
ubuntu@UnixApp:~/ProjectApp$ sudo ufw status
Status: inactive
ubuntu@UnixApp:~/ProjectApp$ sudo ufw activate
ERROR: Invalid syntax

Usage: ufw COMMAND

Commands:
 enable                          enables the firewall
 disable                         disables the firewall
 default ARG                     set default policy
 logging LEVEL                   set logging to LEVEL
 allow ARGS                      add allow rule
 deny ARGS                       add deny rule
 reject ARGS                     add reject rule
 limit ARGS                      add limit rule
 delete RULE|NUM                 delete RULE
 insert NUM RULE                 insert RULE at NUM
 route RULE                      add route RULE
 route delete RULE|NUM           delete route RULE
 route insert NUM RULE           insert route RULE at NUM
 reload                          reload firewall
 reset                           reset firewall
 status                          show firewall status
 status numbered                 show firewall status as numbered list of RULES
 status verbose                  show verbose firewall status
 show ARG                        show firewall report
 version                         display version information

Application profile commands:
 app list                        list application profiles
 app info PROFILE                show information on PROFILE
 app update PROFILE              update PROFILE
 app default ARG                 set default application policy

ubuntu@UnixApp:~/ProjectApp$ sudo ufw status
Status: inactive
ubuntu@UnixApp:~/ProjectApp$ sudo ufw enable
Command may disrupt existing ssh connections. Proceed with operation (y|n)? y
Firewall is active and enabled on system startup
ubuntu@UnixApp:~/ProjectApp$ sudo ufw status
Status: active
ubuntu@UnixApp:~/ProjectApp$ sudo ufw status
Status: active
ubuntu@UnixApp:~/ProjectApp$
ubuntu@UnixApp:~/ProjectApp$ sudo ufw allow "Nginx Full"
Rule added
Rule added (v6)
ubuntu@UnixApp:~/ProjectApp$ sudo ufw status
Status: active

To                         Action      From
--                         ------      ----
Nginx Full                 ALLOW       Anywhere
Nginx Full (v6)            ALLOW       Anywhere (v6)

ubuntu@UnixApp:~/ProjectApp$